<testsuites id="" name="" tests="6" failures="0" skipped="0" errors="0" time="6.034600999999999">
<testsuite name="activity-feed.playwright.spec.ts" timestamp="2026-02-06T02:45:05.914Z" hostname="chromium" tests="3" failures="0" skipped="0" time="7.618" errors="0">
<testcase name="Activity Feed &amp; Default View › should show activity view by default on launch" classname="activity-feed.playwright.spec.ts" time="2.371">
</testcase>
<testcase name="Activity Feed &amp; Default View › should display errors first in activity feed" classname="activity-feed.playwright.spec.ts" time="2.548">
</testcase>
<testcase name="Activity Feed &amp; Default View › should filter activity items" classname="activity-feed.playwright.spec.ts" time="2.699">
</testcase>
</testsuite>
<testsuite name="search-surface.playwright.spec.ts" timestamp="2026-02-06T02:45:05.914Z" hostname="chromium" tests="3" failures="0" skipped="0" time="7.331" errors="0">
<testcase name="Search Surface Integration › should open search surface with Ctrl+K" classname="search-surface.playwright.spec.ts" time="2.471">
</testcase>
<testcase name="Search Surface Integration › should switch tabs" classname="search-surface.playwright.spec.ts" time="2.506">
</testcase>
<testcase name="Search Surface Integration › should show errors first in sessions tab" classname="search-surface.playwright.spec.ts" time="2.354">
</testcase>
</testsuite>
</testsuites>